[SETUP] Syncing dependencies with uv...
[SETUP] BigVGAN already present, skipping clone.
[RUN] Starting pipeline on Fri Aug 14 10:45:50 PM EDT 2026
[RUN] Job ID: 39423224  ->  output dir: output/job_39423224
[RUN] GPU info:
NVIDIA L4, 23034 MiB
NVIDIA L4, 23034 MiB
============================================================
 Music Mood Diffusion Pipeline
 ControlNet-DiT for Text-Conditioned Audio Mood Editing
============================================================
  Mode            : full
  Device          : cuda
  Mood text       : "dark and mysterious"
  Edit strength   : 0.35
============================================================

[STEP 1] Loading BigVGAN vocoder...
[BIGVGAN] Loading from local clone: /home/asherwheatle/diffusion/musicdiffusion/bigvgan_v2_44khz_128band_512x ...
Loading config.json from local directory
Loading weights from local directory
Removing weight norm...
[BIGVGAN] Loaded. SR=44100, n_mels=128, hop=512

[STEP 2] Loading DEAM song...
[RUN] Done on Fri Aug 14 10:46:02 PM EDT 2026
[RUN] Results saved to: output/job_39423224
