Resolved 70 packages in 16ms
   Building musicdiffusion @ file:///home/asherwheatle/diffusion/musicdiffusion
Downloading nvidia-cudnn-cu12 (693.2MiB)
Downloading sympy (6.0MiB)
Downloading nvidia-cuda-cupti-cu12 (9.8MiB)
Downloading nvidia-curand-cu12 (60.7MiB)
Downloading matplotlib (7.9MiB)
Downloading nvidia-cusolver-cu12 (248.3MiB)
Downloading nvidia-cublas-cu12 (581.4MiB)
Downloading numpy (17.1MiB)
Downloading nvidia-nccl-cu12 (192.0MiB)
Downloading torch (1.0GiB)
Downloading triton (149.3MiB)
Downloading llvmlite (53.7MiB)
Downloading nvidia-cufft-cu12 (184.2MiB)
Downloading nvidia-cuda-nvrtc-cu12 (83.9MiB)
Downloading scikit-learn (8.7MiB)
Downloading scipy (33.6MiB)
Downloading pillow (6.8MiB)
Downloading numba (3.6MiB)
Downloading nvidia-cusparse-cu12 (278.5MiB)
Downloading nvidia-cusparselt-cu12 (149.5MiB)
Downloading fonttools (4.8MiB)
Downloading networkx (2.0MiB)
Downloading nvidia-nvjitlink-cu12 (37.4MiB)
      Built musicdiffusion @ file:///home/asherwheatle/diffusion/musicdiffusion
 Downloaded networkx
 Downloaded fonttools
 Downloaded numba
 Downloaded pillow
 Downloaded nvidia-cuda-cupti-cu12
 Downloaded matplotlib
 Downloaded scikit-learn
 Downloaded numpy
 Downloaded nvidia-nvjitlink-cu12
 Downloaded sympy
 Downloaded llvmlite
 Downloaded nvidia-curand-cu12
 Downloaded nvidia-cuda-nvrtc-cu12
 Downloaded scipy
 Downloaded nvidia-cusparselt-cu12
 Downloaded nvidia-cufft-cu12
 Downloaded nvidia-nccl-cu12
 Downloaded nvidia-cusolver-cu12
 Downloaded nvidia-cusparse-cu12
 Downloaded triton
 Downloaded nvidia-cublas-cu12
 Downloaded nvidia-cudnn-cu12
 Downloaded torch
Prepared 25 packages in 1m 09s
Installed 64 packages in 22.47s
 + audioread==3.1.0
 + certifi==2026.6.17
 + cffi==2.0.0
 + charset-normalizer==3.4.7
 + contourpy==1.3.3
 + cycler==0.12.1
 + decorator==5.3.1
 + filelock==3.29.4
 + fonttools==4.63.0
 + fsspec==2026.6.0
 + huggingface-hub==0.24.7
 + idna==3.18
 + jinja2==3.1.6
 + joblib==1.5.3
 + kiwisolver==1.5.0
 + lazy-loader==0.5
 + librosa==0.11.0
 + llvmlite==0.47.0
 + markupsafe==3.0.3
 + matplotlib==3.9.4
 + mpmath==1.3.0
 + msgpack==1.2.1
 + musicdiffusion==0.1.0 (from file:///home/asherwheatle/diffusion/musicdiffusion)
 + narwhals==2.22.1
 + networkx==3.6.1
 + numba==0.65.1
 + numpy==1.26.4
 + nvidia-cublas-cu12==12.8.3.14
 + nvidia-cuda-cupti-cu12==12.8.57
 + nvidia-cuda-nvrtc-cu12==12.8.61
 + nvidia-cuda-runtime-cu12==12.8.57
 + nvidia-cudnn-cu12==9.7.1.26
 + nvidia-cufft-cu12==11.3.3.41
 + nvidia-cufile-cu12==1.13.0.11
 + nvidia-curand-cu12==10.3.9.55
 + nvidia-cusolver-cu12==11.7.2.55
 + nvidia-cusparse-cu12==12.5.7.53
 + nvidia-cusparselt-cu12==0.6.3
 + nvidia-nccl-cu12==2.26.2
 + nvidia-nvjitlink-cu12==12.8.61
 + nvidia-nvtx-cu12==12.8.55
 + packaging==26.2
 + pillow==12.2.0
 + platformdirs==4.10.0
 + pooch==1.9.0
 + pycparser==3.0
 + pyparsing==3.3.2
 + python-dateutil==2.9.0.post0
 + pyyaml==6.0.3
 + requests==2.34.2
 + scikit-learn==1.9.0
 + scipy==1.17.1
 + setuptools==82.0.1
 + six==1.17.0
 + soundfile==0.12.1
 + soxr==1.1.0
 + sympy==1.14.0
 + threadpoolctl==3.6.0
 + torch==2.7.0+cu128
 + torchaudio==2.7.0+cu128
 + tqdm==4.68.3
 + triton==3.3.0
 + typing-extensions==4.15.0
 + urllib3==2.7.0
/home/asherwheatle/.venvs/musicdiffusion/lib/python3.12/site-packages/torch/nn/utils/weight_norm.py:143: FutureWarning: `torch.nn.utils.weight_norm` is deprecated in favor of `torch.nn.utils.parametrizations.weight_norm`.
  WeightNorm.apply(module, name, dim)
Traceback (most recent call last):
  File "/home/asherwheatle/diffusion/musicdiffusion/mood_diffusion.py", line 298, in <module>
    main()
  File "/home/asherwheatle/diffusion/musicdiffusion/mood_diffusion.py", line 131, in main
    waveform, sr = load_deam_song(
                   ^^^^^^^^^^^^^^^
  File "/home/asherwheatle/diffusion/musicdiffusion/pipeline.py", line 119, in load_deam_song
    raise FileNotFoundError(f"No MP3 files found in {audio_dir}")
FileNotFoundError: No MP3 files found in data/DEAM_audio/MEMD_audio
